C:\xampp\tomcat\webapps\vogg\src\main\java\org\example\auth\LoginServlet.java
C:\xampp\tomcat\webapps\vogg\src\main\java\org\example\auth\Logout.java
C:\xampp\tomcat\webapps\vogg\src\main\java\org\example\auth\Signup.java
C:\xampp\tomcat\webapps\vogg\src\main\java\org\example\controller\Dashboard.java
C:\xampp\tomcat\webapps\vogg\src\main\java\org\example\controller\PostsServlet.java
C:\xampp\tomcat\webapps\vogg\src\main\java\org\example\controller\UserServlet.java
C:\xampp\tomcat\webapps\vogg\src\main\java\org\example\controller\ViewPostServlet.java
C:\xampp\tomcat\webapps\vogg\src\main\java\org\example\controller\WriteServlet.java
C:\xampp\tomcat\webapps\vogg\src\main\java\org\example\DeletePostServlet.java
C:\xampp\tomcat\webapps\vogg\src\main\java\org\example\EditPostServlet.java
C:\xampp\tomcat\webapps\vogg\src\main\java\org\example\HomeServlet.java
C:\xampp\tomcat\webapps\vogg\src\main\java\org\example\Main.java
C:\xampp\tomcat\webapps\vogg\src\main\java\org\example\ProfileServlet.java
C:\xampp\tomcat\webapps\vogg\src\main\java\org\example\utils\DBConnection.java
C:\xampp\tomcat\webapps\vogg\src\main\java\org\example\utils\Post.java
C:\xampp\tomcat\webapps\vogg\src\main\java\org\example\utils\TestDB.java
C:\xampp\tomcat\webapps\vogg\src\main\java\org\example\utils\User.java
